// Jest Snapshot v1, https://goo.gl/fbAQLP

exports[`snapshot of card matches 1`] = `
<div
  className="Card"
/>
`;
